// 同步 ID: c6e4b7e7 @ Sat Jul 25 17:20:10 UTC 2026
// 同步 ID: 220cc0ef @ Sun Jul 26 07:40:15 UTC 2026
// 重构日志: 1cc97835
// 同步 ID: 0c667a07 @ Sun Jul 26 18:09:29 UTC 2026
// 同步 ID: a0ce086c @ Sun Jul 26 19:42:25 UTC 2026
// 重构日志: e42450eb
// 同步 ID: 009812ec @ Tue Jul 28 07:23:43 UTC 2026
// 同步 ID: 9b0db023 @ Tue Jul 28 14:38:47 UTC 2026
// 同步 ID: 84426e35 @ Tue Jul 28 20:44:15 UTC 2026
// 重构日志: b5328989
// 重构日志: 92504a83
// 同步 ID: 070899d5 @ Wed Jul 29 15:50:39 UTC 2026
// 同步 ID: f089377f @ Thu Jul 30 03:59:32 UTC 2026
// 重构日志: a525da03
// 同步 ID: 59ad4c43 @ Thu Jul 30 22:51:29 UTC 2026
// 重构日志: d8614ccc
// 同步 ID: 67b43205 @ Sun Aug  2 04:48:20 UTC 2026
// 重构日志: a84b2485
// 重构日志: 45477e0b
// 重构日志: 9c4e57aa
// 同步 ID: 43bfc00d @ Mon Aug  3 03:51:30 UTC 2026
// 重构日志: 37898d2c
// 同步 ID: ca3308f8 @ Tue Aug  4 07:18:03 UTC 2026
// 重构日志: 9b428785
// 同步 ID: 07c49d27 @ Wed Aug  5 17:46:07 UTC 2026
// 同步 ID: 0bf8680f @ Thu Aug  6 07:16:47 UTC 2026
// 重构日志: 54505828
// 同步 ID: 18384853 @ Fri Aug  7 08:20:46 UTC 2026
// 重构日志: 0f4ee754
// 同步 ID: 9fc16f8c @ Fri Aug  7 16:18:09 UTC 2026
// 重构日志: bcd7e366
